// Vitest Snapshot v1, https://vitest.dev/guide/snapshot.html

exports[`generate mermaid - fakeComputedView 3 Levels 1`] = `
"graph 

Amazon[amazon]
subgraph Cloud[cloud]

  subgraph Cloud.Backend[backend]

    Cloud.Backend.Graphql[graphql]
    Cloud.Backend.Storage[storage]
  end
  Cloud.FrontendAdminPanel[adminPanel]
  Cloud.FrontendDashboard[dashboard]
end
Customer[customer]
Support[support]

Cloud.FrontendDashboard --> Cloud.Backend.Graphql
Cloud.FrontendAdminPanel --> Cloud.Backend.Graphql
Cloud.Backend.Storage --> Amazon
Cloud.Backend.Graphql --> Cloud.Backend.Storage
Support --> Cloud.FrontendAdminPanel
Customer --> Cloud.FrontendDashboard
"
`;

exports[`generate mermaid - fakeDiagram 1`] = `
"graph 

Amazon[amazon]
subgraph Cloud[cloud]

  Cloud.Backend[backend]
  Cloud.Frontend[frontend]
end
Customer[customer]
Support[support]

Cloud.Frontend --"requests"--> Cloud.Backend
Cloud.Backend --> Amazon
Support --> Cloud.Frontend
Customer --"opens"--> Cloud.Frontend
"
`;

exports[`generate mermaid - fakeDiagram2 1`] = `
"---
title: frontend
---
graph 

Client[client]
SystemBackend[backend]
SystemFrontend[frontend]

SystemFrontend --"requests"--> SystemBackend
Client --"opens"--> SystemFrontend
"
`;

exports[`generate mermaid - with colors and shapes 1`] = `
"---
title: Landscape view
---
graph TB

System[system]
Spa[SPA]
Customer[fa:fa-user Customer]
style Customer fill:#6366f1,stroke:#4f46e5,color:#eef2ff
Mobile[Mobile]
style Mobile fill:#16a34a,stroke:#15803d,color:#111827
subgraph Lambdas["Lambdas
<span style='font-size:0.7em'>Serverless compute</span>"]

  Lambdas.Fn_enrich["Enrichment
<span style='font-size:0.7em'>Enriches raw data
by adding additional information</span>"]
end
Pg([PostgreSQL])
subgraph Sqs["SQS
<span style='font-size:0.7em'>Simple Queue Service</span>"]

  Sqs.Queue1[("Raw Data
<span style='font-size:0.7em'>Queue with raw data</span>")]
  Sqs.Queue2[("<span style='color: #eef2ff'>Enriched Data</span>
<span style='font-size:0.7em; color: #c7d2fe'>Filtered and preprocessed data
Ready for further processing</span>")]
  style Sqs.Queue2 fill:#6366f1,stroke:#4f46e5,color:#eef2ff
end

Lambdas.Fn_enrich --"writes enriched data"--> Sqs.Queue2
Lambdas.Fn_enrich --"reads raw data"--> Sqs.Queue1
Lambdas.Fn_enrich --"reads additional information"--> Pg
Customer --> Mobile
"
`;
